SlickEdit
I'd
I've
January
February
March
April
May
June
July
August
September
October
November
December
Alabama
Alaska
Arizona
Arkansas
California
Canada
Colorado
Connecticut
Deleware
Columbia
Florida
Georgia
Hawaii
Idaho
Illinois
Indiana
Iowa
Kansas
Kentucky
Louisiana
Maine
Maryland
Massachusetts
Michigan
Minnesota
Mississippi
Missouri
Montana
Nebraska
Nevada
Hampshire
Jersey
Mexico
York
Carolina
Dakota
Ohio
Oklahoma
Oregon
Pennsylvania
Puerto
Rico
Rhode
Tennessee
Texas
Utah
Vermont
Virginia
Washington
Wisconsin
Wyoming
Algeria
Samoa
Andorra
Argentina
Aruba
Ascension
Australia
Austria
Bahrain
Bangladesh
Belgium
Belize
Benin
Bolivia
Brazil
Brunei
Bulgaria
Cameroon
Chile
China
Colombia
Congo
Costa
Rica
Cyprus
Czechoslovakia
Denmark
Ecuador
England
Egypt
El
Salvador
Ethiopia
Faero
Fiji
Finland
France
Antilles
Guiana
Polynesia
Gabon
Gambia
Germany
Gibraltar
Greece
Greenland
Guadeloupe
Guam
Guantanamo
Guatemala
Guyana
Haiti
Honduras
Hong
Kong
Hungary
Iceland
India
Indonesia
Iran
Iraq
Ireland
Israel
Italy
Japan
Jordan
Kenya
Korea
Kuwait
Lesotho
Liberia
Libya
Liechtenstein
Luxembourg
Macao
Malawi
Malaysia
Malta
Marshall
Micronesia
Mauritania
Mongolia
Mongolian
Monaco
Morocco
Namibia
Netherlands
Caledonia
Zealand
Nicaragua
Nigeria
Norway
Oman
Pakistan
Panama
Papua
Guinea
Paraguay
Peru
Philipines
Poland
Portugal
Qatar
Romania
Saipan
San
Marino
Sao
Saudi
Arabia
Scotland
Senegal
Singapore
Africa
Spain
Sri
Lanka
Pierre
Miquelon
Suriname
Swaziland
Sweden
Switzerland
Taiwan
Tanazania
Thailand
Togo
Tonga
Tunisia
Uganda
Arab
Emirates
Uruguay
Vatican
Venezuela
Wales
Yemen
Yugoslavia
Zaire
Zambia
Zimbabwe
a
ability
able
abnormal
abort
aborted
about
above
absence
absent
absolute
accented
accents
accept
accepted
accepts
access
accessed
accesses
account
accounts
accuracy
accurate
achieve
achieved
acquire
across
act
acting
action
actions
activate
active
acts
actual
actually
adapt
adapted
adapter
adapters
add
added
adding
addition
address
adds
adequate
adhere
adjust
adjusted
adopt
adopting
advanced
advice
advise
advised
advises
advisor
advisory
affect
affected
affects
afford
after
again
against
agree
ahead
aid
aids
aim
air
alert
alerts
align
aligned
aligning
aligns
alive
all
allocate
allow
allowed
allowing
allows
almost
alone
along
alpha
already
also
alter
altered
although
always
am
among
amount
amounts
an
analyze
anchor
and
angle
animals
animated
annual
another
answer
answers
anti
any
anyhow
anyone
anything
anytime
anyway
anywhere
apart
apparent
appear
appeared
appears
append
appended
appendix
appends
apple
applied
applies
apply
applying
approach
april
arabic
archive
are
area
areas
argument
arises
around
arrange
arranged
array
arrays
arrive
arriving
arrow
as
ascii
aside
ask
asked
asking
asks
aspect
aspects
assemble
assembly
assign
assigned
assigns
assist
assume
assumed
assumes
assuming
at
atop
attach
attached
attaches
attempt
attempts
audience
august
author
auto
automate
autos
avoid
avoided
avoiding
avoids
aware
away
ax
b
back
backed
backing
backs
backup
backward
ball
banded
banner
bar
bare
barriers
barring
bars
base
based
basic
basics
basis
bat
batch
bbs
be
bear
bearing
became
because
become
becomes
becoming
bed
been
before
begin
begins
behave
behaves
behavior
behind
being
belief
believe
belong
belongs
below
beneath
benefit
benefits
benign
besides
best
beta
better
between
beyond
big
bin
binary
bind
binding
bindings
binds
bios
bisected
bit
bits
black
blank
blanks
blend
blended
blinking
block
blocking
blocks
blue
blur
board
bob
body
bold
bones
book
books
boolean
boot
booted
border
bordered
borders
both
bottom
bounce
bouncing
bound
boundary
bounding
bounds
box
boxes
brace
braces
brackets
branch
branches
break
breaking
breaks
brief
briefly
bring
brings
british
broad
broadly
broken
brook
browse
browser
browsing
brush
buffer
buffers
bug
bugs
build
building
builds
built
bulk
bulletin
bumping
bundle
bus
busy
but
button
buttons
buy
buying
by
bypass
byte
bytes
c
cache
caches
call
called
caller
callers
calling
calls
can
can't
cancel
canceled
cancels
cannot
cap
capable
caps
caption
card
cards
care
careful
carriage
carries
carry
carrying
case
cases
casing
cast
casting
casts
catalog
catch
category
cause
caused
causes
causing
caution
cease
cell
cells
center
centered
centers
central
century
certain
chain
chains
chance
change
changed
changes
changing
chapter
chart
charting
charts
cheap
check
checked
checker
checking
checks
child
children
choice
choices
choose
chooses
choosing
chose
chosen
chunk
chunks
circled
circular
class
classes
clean
cleaned
cleaner
cleaning
cleanup
clear
cleared
clearing
clearly
clears
click
clicked
clicking
clicks
client
clients
climb
clip
clipped
clipper
clipping
clips
clock
clocks
clone
cloned
close
closed
closely
closes
closest
closet
closing
co
code
coded
codes
coding
coherent
colon
color
colored
colors
column
columns
combine
combined
combines
come
comes
comings
comma
command
commands
commas
comment
comments
commit
commits
common
commonly
compact
compare
compared
compares
compile
compiled
compiler
compiles
complete
complex
compose
composed
compound
compress
comprise
computed
computer
computes
con
concept
concepts
concern
concrete
concur
confined
confines
conflict
conform
confused
connect
connects
consider
consist
consists
console
constant
consult
consume
consumer
contact
contain
contains
content
contents
context
contexts
continue
contrast
control
controls
convert
converts
convey
conveyed
conveys
cookbook
copied
copies
copy
copying
core
corner
correct
cost
costs
could
couldn't
count
counted
counter
counters
counting
country
counts
couple
coupled
course
cover
covered
covers
cows
crash
create
created
creates
creating
creation
creator
creators
critical
crop
cross
crosses
crucial
cue
curly
currency
current
cursor
cursors
curve
custom
cut
cuts
cutting
cycle
cycles
cycling
d
damages
dash
dashed
dashes
data
date
dates
day
days
dbase
dead
deadline
deal
dealing
deals
dealt
debug
debugger
december
decide
decides
deciding
decimal
decision
declare
declared
declares
deeper
default
defaults
defeat
defer
deferred
defers
define
defined
defines
defining
degree
delay
delayed
delegate
delete
deleted
deletes
deleting
deletion
delta
demand
denial
denied
denote
denotes
denoting
deny
denying
depend
depends
depicted
depress
depth
derive
derived
derives
describe
design
designed
desire
desired
desires
desktop
destroy
destroys
detach
detail
detailed
details
detect
detected
detects
develop
deviate
device
devices
devised
diagonal
diagram
dial
dialog
dialogue
dictates
did
didn't
differ
differs
digit
digital
digits
direct
directed
directly
directs
dirtied
dirty
disable
disabled
disables
discover
discrete
discuss
disk
disks
dismiss
dismount
dispatch
display
displays
disposed
distance
distinct
disturb
divided
division
do
doctor
doctors
document
does
doesn't
doing
domain
domains
don't
done
dos
dot
dots
dotted
double
doubled
doubts
down
download
downs
drag
dragged
dragging
draw
drawing
drawings
drawn
draws
dream
drive
driver
drivers
drives
drop
dropped
dropping
drops
duck
due
dumb
dump
dumps
duration
during
dynamic
e
each
earlier
ease
easier
easiest
easily
easy
eat
echo
edge
edit
edited
editing
editor
editors
edits
educate
effect
effected
effects
effort
efforts
eight
either
eject
elects
element
elements
ellipse
else
embed
embedded
emit
emits
employ
employed
employs
emptied
empties
empty
emptying
emulate
emulated
enable
enabled
enables
enabling
enclose
enclosed
end
endeavor
ended
ending
ends
enforced
engaging
english
enhance
enhanced
enhances
enjoy
enlarged
enlarges
enough
ensuing
ensure
ensures
ensuring
enter
entered
entering
enters
entire
entirely
entirety
entity
entries
entry
equal
equally
equals
equation
erase
erased
erasing
error
errors
escape
escapes
escaping
etc
evaluate
eve
even
event
events
ever
every
everyone
ex
exact
exactly
examine
examined
examines
example
examples
exceeds
excel
except
exchange
exclude
excluded
execute
executed
executes
exhibit
exist
existed
existing
exists
exit
exited
exiting
exits
expand
expanded
expands
expect
expected
expects
expense
expires
explain
explains
explicit
exploit
exploits
explore
export
exported
exports
expose
exposed
exposes
exposing
exposure
express
extend
extended
extends
extent
extents
external
extra
extract
extracts
f
face
faced
facility
facing
fact
factor
factory
fail
failed
failing
fails
failure
failures
fairly
fall
falls
false
familiar
family
far
farm
fashion
fast
faster
fastest
fat
fatal
faults
favorite
feature
featured
features
february
feed
feedback
feeds
feel
fetched
fetching
few
fewer
fidelity
field
fields
fifth
figure
figures
file
filename
files
fill
filled
filling
fills
filter
filtered
filters
fin
final
finally
find
finding
finds
fine
finish
finished
finishes
firmly
first
fish
fit
five
fix
fixed
fixes
flag
flags
flashing
flat
flesh
flexible
float
floated
floating
floats
flood
floppy
flow
flush
flushed
flushes
flushing
focus
focused
focuses
folded
folder
follow
followed
follows
font
fonts
footer
for
force
forced
forces
foreign
forever
forgo
form
format
formats
formed
former
formerly
forms
forth
forum
forward
forwards
found
four
fourth
fragment
frame
frames
free
freed
freedom
freeing
freely
frees
freeze
frequent
fresh
friction
Friday
Fridays
friendly
from
front
frozen
full
fully
fun
function
funds
further
fuss
future
fuzzy
g
gain
gaining
gains
game
garbage
garbled
gather
gave
general
generate
generic
geometry
gesture
get
gets
getting
give
given
gives
giving
glance
global
globally
go
goal
goals
goes
going
goings
gone
good
got
governed
governs
grab
grabbing
grabs
grafted
grammar
granted
grants
graph
graphic
graphics
graphs
grasp
gray
great
greater
grey
grids
group
grouped
grouping
groups
grow
growing
grows
growth
guard
guarded
guide
h
ha
hack
had
half
halt
halted
halts
hand
handed
handle
handled
handler
handlers
handles
handling
handy
hang
hanging
happen
happened
happens
hard
harder
hardest
hardware
harmless
has
hash
hatch
have
haven't
having
he
head
header
headers
heading
headings
heap
hear
heard
height
heights
held
hello
help
helper
helpful
helps
her
hercules
here
hex
hi
hidden
hide
hides
hiding
high
higher
highest
highly
himself
hint
his
history
hit
hits
hold
holder
holders
holding
holds
home
hook
hooking
hooks
horns
host
hosting
hosts
hot
hour
hours
how
however
huge
human
hundreds
hung
hunt
hurt
i
ibm
idea
ideally
ideas
identify
identity
idle
if
ignore
ignored
ignores
ii
iii
illegal
image
imagine
imminent
impact
impacts
implicit
implied
implies
imply
import
imported
impose
imposed
imposes
improper
improve
improved
improves
in
inactive
inc
inch
inches
include
included
includes
incoming
increase
incur
incurred
indent
indented
indents
index
indexed
indexes
indicate
indices
indirect
inferred
infinite
inform
informed
informs
inherit
inherits
initial
initiate
inner
input
inputs
insert
inserted
inserts
inset
inside
insist
inspect
install
installs
instance
instead
insure
insures
intact
integer
integers
integral
intend
intended
intent
inter
interact
interest
interim
internal
interval
into
invalid
invented
inverse
inverted
invoice
invoke
invoked
invokes
invoking
involve
involved
involves
is
island
isn't
issue
issued
issues
issuing
it
it'll
italic
item
items
its
itself
iv
ix
j
january
join
joined
joins
july
jump
jumping
jumps
june
junk
just
justify
k
keep
keeping
keeps
kept
kernel
key
keyboard
keyed
keys
kill
killed
kills
kind
kinds
kit
knew
know
knowing
known
knows
l
label
labeled
lack
lacks
language
large
largely
larger
largest
last
late
latest
latter
launch
launched
launches
lay
layer
layered
layers
laying
layout
lazily
lazy
lead
leading
leads
learn
learned
learning
least
leave
leaves
leaving
left
legal
legally
legend
length
lengths
lengthy
less
lessons
let
lets
letter
letters
letting
level
levelled
levels
liable
liaison
library
license
lie
lies
life
lifetime
lift
light
like
likely
likewise
limit
limited
limiting
limits
line
lines
link
linked
linking
links
list
listed
listen
listing
lists
literal
little
live
lives
living
load
loaded
loading
loads
local
locally
locate
located
locates
locating
location
lock
locked
locking
locks
log
logged
logging
logic
logical
long
longer
longest
look
looked
looking
looks
loop
loops
lords
lose
losing
loss
lost
lot
lots
lotus
low
lower
lowered
lowering
lowest
m
machine
machines
macro
macros
made
mail
main
maintain
major
majority
make
makes
making
man
manage
managed
manager
managers
manages
managing
manifest
manner
manual
manually
manuals
many
map
mapped
mapping
maps
march
margin
margins
mark
marked
marker
marking
marks
markup
marshal
marshals
mask
master
mat
match
matched
matches
matching
material
math
matrix
matter
matters
max
maximize
maximum
may
maybe
maze
me
mean
meaning
meanings
means
meant
media
medium
meet
meets
member
members
memorize
memory
mention
menu
menus
merely
merges
merging
mesh
message
messages
method
methods
metric
micro
middle
midnight
might
migrate
mind
mini
minimal
minimize
minimum
minor
minus
minute
minutes
misc
missing
mistake
mistakes
mix
mixed
mixing
mode
model
modeled
models
moderate
modern
modes
modified
modifier
modifies
modify
modula
module
modules
moment
Monday
Mondays
monetary
money
monitor
monitors
monkey
month
monthly
more
most
mostly
motion
mount
mouse
move
moved
movement
moves
moving
ms
much
muck
multi
multiple
must
mutually
my
n
name
named
names
naming
national
native
natural
nature
navigate
near
nearest
nearly
need
needed
needing
needle
needs
negated
negation
negative
neither
nest
nested
nesting
net
network
networks
neutral
neutrals
never
new
newer
newly
next
nil
nine
no
nodes
non
none
nor
norm
normal
normally
north
not
notation
note
noted
notes
nothing
notice
noticed
notices
notified
notifies
notify
november
now
null
number
numbered
numbers
numeric
numerous
o
obey
object
objects
obscure
obsolete
obtain
obtained
obtains
obvious
occupied
occupy
occur
occurred
occurs
octal
october
oddities
of
off
offer
offered
offering
offers
offset
offsets
often
ok
old
older
omit
omits
omitted
omitting
on
once
one
ones
only
onto
op
op
opaque
opaquely
open
opened
opening
openings
opens
operate
operated
operates
operator
opinions
opposed
opposite
opt
optimal
optimize
option
optional
options
opts
or
order
ordered
ordering
orders
organize
oriented
origin
original
other
others
our
ours
out
outcome
outer
outline
outlined
outlines
output
outputs
outside
outweigh
over
overall
overflow
overhead
overlap
overlaps
overlay
overlays
override
overview
own
owned
owner
owning
owns
p
pack
package
packaged
packages
packed
packet
pad
padded
page
pages
paid
paint
painted
painting
pair
pairs
palace
pane
panel
panels
panes
paper
papers
para
parent
parity
parse
parsed
parses
parsing
part
partial
parts
pascal
pass
passed
passes
passing
passive
past
paste
pasted
pat
path
paths
pattern
patterns
pause
paused
pauses
pay
pc
peek
pen
pending
people
per
percent
perform
performs
perhaps
period
permit
permits
persists
person
personal
phase
phased
phases
phone
photos
phrase
phrases
pick
picked
picture
pictured
pictures
pie
piece
pieces
pigs
pipe
pipes
pivot
place
placed
places
placing
plain
plan
plane
planning
plans
platform
play
playback
played
player
players
playing
please
plus
point
pointed
pointer
pointing
points
poke
policy
polish
pool
pop
popped
pops
popular
port
portable
porting
portion
portions
poses
position
positive
possible
possibly
post
posts
pot
pound
power
powerful
practice
pre
preceded
precedes
precise
prefers
prefix
prefixed
prefixes
prepared
prepares
presence
present
presents
preserve
press
pressed
presses
pressing
pretty
prevent
prevents
previous
prices
primary
print
printed
printer
printers
printing
printout
prints
prior
priority
private
pro
probably
problem
problems
proceed
proceeds
process
produce
produced
produces
product
products
profile
program
programs
progress
prohibit
project
projects
promote
promotes
prompt
prompted
prompts
prone
prop
proper
properly
property
proposed
protect
protocol
provide
provided
provider
provides
proxy
pseudo
public
publicly
publish
pull
pulled
pulling
pump
punk
pure
purged
purpose
purposes
push
pushed
pushes
put
puts
putting
q
qualify
quality
queried
queries
query
querying
question
quick
quicker
quickly
quiet
quit
quite
quits
quitting
quote
quoted
quotes
quoting
r
raise
raised
raising
ram
random
randomly
range
ranges
rare
rate
rather
ratio
raw
re
reach
reached
reaches
reaching
read
readable
readers
reading
reads
ready
real
reality
realize
realized
realizes
really
reasons
rebound
rebuild
rebuilds
rebuilt
receipt
receive
received
receiver
receives
recent
recently
record
recorded
records
recovers
recovery
red
redefine
redirect
redo
redone
redraw
reduce
reduced
reducing
refer
referred
refers
reflect
reflects
reformat
refresh
refuse
refuses
regard
regards
region
regions
register
registry
regular
relate
related
relates
relating
relative
release
released
releases
relevant
reliable
reliably
reloaded
rely
relying
remain
remains
remember
remind
remote
remotely
removal
remove
removed
removes
removing
render
rendered
renders
reopen
repair
repeat
repeated
repeats
replace
replaced
replaces
replay
report
reported
reports
request
requests
require
required
requires
reserved
reset
reside
resident
resides
residing
resolve
resolved
resource
respect
respond
responds
response
rest
restart
restore
restored
restores
restrict
result
results
resume
resumed
resumes
retail
retain
retains
retrieve
return
returned
returns
reuse
reused
reveal
reverse
reversed
revert
reverted
reverts
review
reviewed
revised
revision
revoke
revoked
revokes
revoking
rewrite
ribbon
ribbons
rich
right
rights
rigidly
ring
risk
robots
roles
roll
room
root
rooted
rot
rotate
rotated
roughly
rounded
rounding
routes
routine
routines
routing
row
rows
royalty
rule
ruler
rulers
rules
run
running
runs
s
safe
safely
safest
safety
said
sake
sales
same
sample
samples
Saturday
Saturdays
save
saved
saver
saves
saving
say
says
scale
scaled
scales
scaling
scan
scenario
scenes
schedule
scheme
scope
score
scores
scratch
screen
screens
script
scroll
scrolls
seamless
search
searched
searches
seat
second
seconds
section
sections
sector
sectors
security
see
seeing
seek
seeking
seeks
seems
seen
sees
segment
seldom
select
selected
selects
self
sell
semi
send
sending
sends
sense
sent
sentence
separate
sequence
serial
series
serve
server
servers
serves
service
services
serving
session
set
sets
setting
settings
setup
several
severity
shade
shaded
shading
shadow
shadowed
shall
shape
shapes
share
shared
shares
sharing
she
shear
sheared
sheet
shell
shelling
shift
shifting
shifts
ship
shipped
ships
shoot
shoots
short
shortcut
shorter
shortest
should
shout
shouted
show
showing
shown
shows
shrink
shut
shutting
side
sides
sight
sign
signal
signals
signed
signify
silver
similar
simple
simpler
simplest
simplify
simply
since
single
sink
sinks
site
sites
sits
sitting
six
sixth
size
sized
sizes
sizing
sketch
skip
skipped
skips
slash
sleep
slick
slid
slightly
slot
slots
slow
slower
slowly
small
smaller
smallest
smart
smooth
smoother
so
sockets
software
sole
solely
solid
solution
solve
some
someday
somehow
someone
somewhat
soon
sooner
sort
sorted
sorting
sorts
sought
sound
sounds
source
sources
space
spaces
spacing
span
spanning
spans
sparse
speak
speaker
special
specific
specify
speed
spell
spelling
spill
spilled
spin
spirit
split
splits
spoken
spool
spot
spy
square
squares
st
stable
stack
stacks
stage
stages
stand
standard
stands
star
stars
start
started
starter
starting
starts
state
states
static
station
status
stay
stays
step
steps
sticky
still
stony
stop
stopped
stopping
stops
storage
store
stored
stores
storing
straight
strange
strap
strategy
stream
streamed
streams
street
strength
strict
string
strings
strip
stripped
strips
stroke
strokes
strong
strongly
stub
stubs
studied
stuff
style
styles
sub
subject
submit
subset
subtitle
subtle
succeed
succeeds
success
such
sudden
suggest
suggests
suit
suitable
suitably
suite
sum
summary
sun
Sunday
Sundays
supplied
supplies
supply
support
supports
suppose
supposed
sure
surface
surround
suspend
suspends
swap
swapped
swapping
swaps
switch
switched
switches
symbol
symbolic
symbols
symptoms
synonyms
syntax
system
systems
t
tab
tabbing
table
tables
tabs
tabular
tag
tagged
tagging
tags
tail
tailored
take
taken
takes
taking
talk
talking
tape
taps
target
targeted
targets
task
tasking
tasks
tech
tell
telling
tells
template
ten
tendency
tenths
term
terminal
terms
test
tested
testing
tests
text
than
that
the
their
them
then
there
thereby
these
they
thin
thing
things
think
thinking
thinks
third
this
those
though
thought
thousand
thread
threads
three
through
throw
throwing
thrown
throws
thumb
Thursday
Thursdays
thus
tick
ticks
tie
tied
tight
tightly
tile
tiled
till
tilt
time
timers
times
timing
tiny
title
titled
titles
to
today
toe
together
toggle
toggled
toggles
told
too
tool
tools
top
topic
topics
torn
total
totally
touch
touched
touching
toward
towards
trace
traced
tracing
track
tracking
tracks
traffic
trailing
transact
transfer
transmit
travel
travels
treat
treated
treats
tree
trees
tri
trial
triangle
tricky
tried
tries
triggers
trimmed
triple
true
try
trying
trys
Tuesday
Tuesdays
tuning
tunnel
turbo
turn
turned
turning
turns
tutorial
twice
two
tying
type
typed
types
typical
typing
u
unable
unaware
unbroken
under
undo
undoing
undone
unified
uniform
unify
union
unique
uniquely
unit
units
unknown
unless
unlike
unlikely
unload
unloaded
unloads
unlock
unlocked
unsigned
until
unused
unveil
unwanted
up
update
updated
updates
updating
upgrade
upgraded
upload
upon
upper
ups
upward
us
usage
use
used
useful
user
users
uses
using
usual
usually
utility
utilized
v
valid
validly
value
values
variable
varies
variety
various
vary
vast
vendors
verb
verifies
verify
version
versions
versus
vertical
very
vi
via
vice
video
view
viewed
viewer
viewing
views
violate
virtual
visa
visible
visit
visual
visually
void
volume
volumes
vs
w
wait
waiting
waits
walk
walking
wall
walls
wander
want
wanted
wants
warning
warnings
warranty
was
wasn't
watch
watching
way
ways
we
weak
web
Wednesday
Wednesdays
weigh
weird
well
were
west
western
what
whatever
when
whenever
where
whereby
wherever
whether
which
while
white
who
whole
wholly
whose
why
wide
widely
widest
width
widths
wild
wildcard
will
willing
win
wind
window
windows
wins
wise
wish
wished
wishes
with
within
without
won't
word
words
work
worked
working
works
world
worry
worth
would
wrap
wrapped
wrapping
wraps
write
writer
writers
writes
writing
written
wrong
x
y
yank
year
yes
yet
yield
yields
you
you'll
you're
your
yourself
z
zero
zeroed
zeros
zone
zoom
zoomed
